// Jest Snapshot v1, https://goo.gl/fbAQLP

exports[`Render catalog card 1`] = `
<article
  className="small-movie-card catalog__movies-card"
  onMouseEnter={[Function]}
  onMouseLeave={[Function]}
  onMouseOver={[Function]}
>
  <div
    className="small-movie-card__image"
    onClick={[Function]}
  >
    <video
      crossOrigin="anonymous"
      height="175"
      width="280"
    />
  </div>
  <h3
    className="small-movie-card__title"
  >
    <a
      className="small-movie-card__link"
      href="movie-page.html"
      onClick={[Function]}
    >
      Aviator
    </a>
  </h3>
</article>
`;
