// Jest Snapshot v1, https://goo.gl/fbAQLP

exports[`MoviesList Should render MoviesList component 1`] = `
<div
  className="catalog__movies-list"
>
  <article
    className="small-movie-card catalog__movies-card"
    onMouseEnter={[Function]}
    onMouseLeave={[Function]}
  >
    <a
      className="small-movie-card__link"
      href="/films/123465"
      onClick={[Function]}
    >
      <div
        className="small-movie-card__image"
      >
        <video
          className="player__video"
          poster="img/snatch.jpg"
        />
        <img
          alt="Name"
          height={175}
          src="img/snatch.jpg"
          width={280}
        />
      </div>
      <h3
        className="small-movie-card__title"
      >
        Name
      </h3>
    </a>
  </article>
  <article
    className="small-movie-card catalog__movies-card"
    onMouseEnter={[Function]}
    onMouseLeave={[Function]}
  >
    <a
      className="small-movie-card__link"
      href="/films/123478"
      onClick={[Function]}
    >
      <div
        className="small-movie-card__image"
      >
        <video
          className="player__video"
          poster="img/snatch.jpg"
        />
        <img
          alt="Name"
          height={175}
          src="img/snatch.jpg"
          width={280}
        />
      </div>
      <h3
        className="small-movie-card__title"
      >
        Name
      </h3>
    </a>
  </article>
</div>
`;
