// Jest Snapshot v1, https://goo.gl/fbAQLP

exports[`withVideoPlay is rendered correctly 1`] = `<div />`;
