// Jest Snapshot v1, https://goo.gl/fbAQLP

exports[`VideoPlayer Should render VideoPlayer component 1`] = `
<video
  className="player__video"
/>
`;
