// Jest Snapshot v1, https://goo.gl/fbAQLP

exports[`Review Should render correctly 1`] = `
<div
  className="review"
>
  <blockquote
    className="review__quote"
  >
    <p
      className="review__text"
    >
      This movie is very interesting
    </p>
    <footer
      className="review__details"
    >
      <cite
        className="review__author"
      >
        Ivan Ivanov
      </cite>
      <time
        className="review__date"
        dateTime="2020-11-10"
      >
        November 10, 2020
      </time>
    </footer>
  </blockquote>
  <div
    className="review__rating"
  >
    8,0
  </div>
</div>
`;
