// Jest Snapshot v1, https://goo.gl/fbAQLP

exports[`PageReviews Should render correctly 1`] = `
<div
  className="movie-card__reviews movie-card__row"
>
  <div
    className="movie-card__reviews-col"
  >
    <div
      className="review"
    >
      <blockquote
        className="review__quote"
      >
        <p
          className="review__text"
        >
          My comment.
        </p>
        <footer
          className="review__details"
        >
          <cite
            className="review__author"
          >
            Ivan Ivanov
          </cite>
          <time
            className="review__date"
            dateTime="2020-07-09"
          >
            July 9, 2020
          </time>
        </footer>
      </blockquote>
      <div
        className="review__rating"
      >
        8,0
      </div>
    </div>
    <div
      className="review"
    >
      <blockquote
        className="review__quote"
      >
        <p
          className="review__text"
        >
          My comment
        </p>
        <footer
          className="review__details"
        >
          <cite
            className="review__author"
          >
            Ivan Ivanov
          </cite>
          <time
            className="review__date"
            dateTime="2020-07-09"
          >
            July 9, 2020
          </time>
        </footer>
      </blockquote>
      <div
        className="review__rating"
      >
        8,0
      </div>
    </div>
  </div>
  <div
    className="movie-card__reviews-col"
  >
    <div
      className="review"
    >
      <blockquote
        className="review__quote"
      >
        <p
          className="review__text"
        >
          My comment
        </p>
        <footer
          className="review__details"
        >
          <cite
            className="review__author"
          >
            Ivan Ivanov
          </cite>
          <time
            className="review__date"
            dateTime="2020-07-09"
          >
            July 9, 2020
          </time>
        </footer>
      </blockquote>
      <div
        className="review__rating"
      >
        8,0
      </div>
    </div>
  </div>
</div>
`;
