// Jest Snapshot v1, https://goo.gl/fbAQLP

exports[`MovieCardHero Should render correctly 1`] = `
<div
  className="movie-card__hero"
>
  <div
    className="movie-card__bg"
  >
    <img
      alt="Name"
      src="img/bg-the-grand-budapest-hotel.jpg"
    />
  </div>
  <h1
    className="visually-hidden"
  >
    WTW
  </h1>
  <header
    className="page-header movie-card__head"
  >
    <div
      className="logo"
    >
      <a
        className="logo__link"
        href="/"
        onClick={[Function]}
      >
        <span
          className="logo__letter logo__letter--1"
        >
          W
        </span>
        <span
          className="logo__letter logo__letter--2"
        >
          T
        </span>
        <span
          className="logo__letter logo__letter--3"
        >
          W
        </span>
      </a>
    </div>
    <div
      className="user-block"
    >
      <a
        href="/mylist"
        onClick={[Function]}
      >
        <div
          className="user-block__avatar"
        >
          <img
            alt="Ivan"
            height={63}
            src="https://4.react.pages.academy/wtw/asda.jpg"
            width={63}
          />
        </div>
      </a>
    </div>
  </header>
  <div
    className="movie-card__wrap"
  >
    <div
      className="movie-card__desc"
    >
      <h2
        className="movie-card__title"
      >
        Name
      </h2>
      <p
        className="movie-card__meta"
      >
        <span
          className="movie-card__genre"
        >
          film Genre
        </span>
        <span
          className="movie-card__year"
        >
          1993
        </span>
      </p>
      <div
        className="movie-card__buttons"
      >
        <a
          className="btn btn--play movie-card__button"
          href="/player/123456"
          onClick={[Function]}
        >
          <svg
            height={19}
            viewBox="0 0 19 19"
            width={19}
          >
            <use
              xlinkHref="#play-s"
            />
          </svg>
          <span>
            Play
          </span>
        </a>
        <button
          className="btn btn--list movie-card__button"
          onClick={[Function]}
          type="button"
        >
          <svg
            height={20}
            viewBox="0 0 19 20"
            width={19}
          >
            <use
              xlinkHref="#add"
            />
          </svg>
          <span>
            My list
          </span>
        </button>
        <a
          className="btn movie-card__button"
          href="/film/123456/review"
          onClick={[Function]}
        >
          Add review
        </a>
      </div>
    </div>
  </div>
</div>
`;
